 WARN cache for Repodata at /home/hodapp/.cache/rattler/cache/repodata is on a network/parallel filesystem (NFS/SMB/FUSE/BeeGFS/Lustre/GPFS/CephFS), redirected to /tmp/pixi-cache-hodapp/repodata for this run. Set [cache.repodata] in config.toml or PIXI_CACHE_DIR to override, or [cache.netfs-redirect] = "never" to keep the original path.
This is cutadapt 5.2 with Python 3.12.14
Command line parameters: -a AGATCGGAAGAGCACACGTCTGAACTCCAGTCA -A AGATCGGAAGAGCGTCGTGTAGGGAAAGAGTGT -o /projects/bgmp/hodapp/bioinfo/Bi623/PR2/Project2_QAA/trimmed_outputs/SRR25630303_1_trimmed.fastq.gz -p /projects/bgmp/hodapp/bioinfo/Bi623/PR2/Project2_QAA/trimmed_outputs/SRR25630303_2_trimmed.fastq.gz /projects/bgmp/hodapp/bioinfo/Bi623/PR2/Project2_QAA/SRA_outputs/SRR25630303_1.fastq.gz /projects/bgmp/hodapp/bioinfo/Bi623/PR2/Project2_QAA/SRA_outputs/SRR25630303_2.fastq.gz
Processing paired-end reads on 1 core ...

=== Summary ===

Total read pairs processed:         41,934,422
  Read 1 with adapter:               1,767,108 (4.2%)
  Read 2 with adapter:               2,066,337 (4.9%)
Pairs written (passing filters):    41,934,422 (100.0%)

Total basepairs processed: 12,580,326,600 bp
  Read 1: 6,290,163,300 bp
  Read 2: 6,290,163,300 bp
Total written (filtered):  12,536,648,265 bp (99.7%)
  Read 1: 6,268,302,186 bp
  Read 2: 6,268,346,079 bp

=== First read: Adapter 1 ===

Sequence: AGATCGGAAGAGCACACGTCTGAACTCCAGTCA; Type: regular 3'; Length: 33; Trimmed: 1767108 times

Minimum overlap: 3
No. of allowed errors:
1-9 bp: 0; 10-19 bp: 1; 20-29 bp: 2; 30-33 bp: 3

Bases preceding removed adapters:
  A: 17.9%
  C: 27.7%
  G: 37.5%
  T: 16.7%
  none/other: 0.2%

Overview of removed sequences
length	count	expect	max.err	error counts
3	708644	655225.3	0	708644
4	197981	163806.3	0	197981
5	70199	40951.6	0	70199
6	41202	10237.9	0	41202
7	36920	2559.5	0	36920
8	34153	639.9	0	34153
9	33327	160.0	0	32780 547
10	33414	40.0	1	31770 1644
11	32541	10.0	1	31001 1540
12	30360	2.5	1	29040 1320
13	29890	0.6	1	28550 1340
14	28980	0.2	1	27737 1243
15	27568	0.0	1	26299 1269
16	25859	0.0	1	24667 1192
17	24425	0.0	1	23242 1183
18	22851	0.0	1	21596 1250 5
19	21703	0.0	1	20485 1197 21
20	21114	0.0	2	19700 1191 223
21	19837	0.0	2	18439 1190 208
22	19581	0.0	2	18208 1162 211
23	18790	0.0	2	17447 1105 238
24	17938	0.0	2	16696 1060 182
25	16599	0.0	2	15217 1153 229
26	15440	0.0	2	14164 1058 218
27	14922	0.0	2	13762 974 183 3
28	13767	0.0	2	12617 944 202 4
29	13286	0.0	2	12128 953 196 9
30	11949	0.0	3	10721 948 180 100
31	11282	0.0	3	10207 824 169 82
32	10871	0.0	3	9845 766 171 89
33	10463	0.0	3	9457 760 169 77
34	10044	0.0	3	9003 821 136 84
35	9101	0.0	3	8181 698 149 73
36	8692	0.0	3	7754 691 159 88
37	8175	0.0	3	7275 669 142 89
38	7574	0.0	3	6773 587 139 75
39	7245	0.0	3	6436 596 128 85
40	6397	0.0	3	5711 533 79 74
41	5944	0.0	3	5279 497 100 68
42	5399	0.0	3	4766 481 105 47
43	5096	0.0	3	4519 434 84 59
44	4908	0.0	3	4242 470 118 78
45	4512	0.0	3	3922 446 97 47
46	4221	0.0	3	3727 374 72 48
47	3740	0.0	3	3232 382 72 54
48	3531	0.0	3	3085 328 66 52
49	3332	0.0	3	2785 373 105 69
50	2746	0.0	3	2311 330 70 35
51	2762	0.0	3	2322 317 87 36
52	2368	0.0	3	1979 297 49 43
53	2136	0.0	3	1738 294 65 39
54	2116	0.0	3	1689 314 68 45
55	2027	0.0	3	1683 250 51 43
56	1687	0.0	3	1350 226 64 47
57	1553	0.0	3	1258 211 58 26
58	1563	0.0	3	1235 228 63 37
59	1462	0.0	3	1116 240 67 39
60	1262	0.0	3	985 202 47 28
61	1147	0.0	3	876 178 51 42
62	1050	0.0	3	786 196 39 29
63	967	0.0	3	682 182 54 49
64	900	0.0	3	637 190 40 33
65	815	0.0	3	578 167 44 26
66	870	0.0	3	585 180 67 38
67	791	0.0	3	537 177 41 36
68	759	0.0	3	498 173 49 39
69	722	0.0	3	468 166 44 44
70	691	0.0	3	479 145 38 29
71	625	0.0	3	373 161 45 46
72	608	0.0	3	393 147 37 31
73	608	0.0	3	377 171 40 20
74	549	0.0	3	313 164 39 33
75	533	0.0	3	302 150 42 39
76	547	0.0	3	303 171 41 32
77	468	0.0	3	259 145 41 23
78	563	0.0	3	310 165 50 38
79	454	0.0	3	248 154 25 27
80	430	0.0	3	237 129 37 27
81	390	0.0	3	206 120 32 32
82	427	0.0	3	241 122 30 34
83	416	0.0	3	218 131 42 25
84	431	0.0	3	245 127 35 24
85	343	0.0	3	156 135 33 19
86	326	0.0	3	165 110 29 22
87	405	0.0	3	220 121 34 30
88	363	0.0	3	170 134 33 26
89	380	0.0	3	194 127 29 30
90	403	0.0	3	193 137 33 40
91	314	0.0	3	160 104 28 22
92	348	0.0	3	170 123 30 25
93	363	0.0	3	179 125 37 22
94	329	0.0	3	176 114 24 15
95	332	0.0	3	164 116 24 28
96	280	0.0	3	137 111 17 15
97	316	0.0	3	164 99 29 24
98	286	0.0	3	155 91 24 16
99	261	0.0	3	128 94 21 18
100	269	0.0	3	141 90 26 12
101	269	0.0	3	139 92 20 18
102	266	0.0	3	135 91 21 19
103	271	0.0	3	144 92 20 15
104	222	0.0	3	111 89 11 11
105	241	0.0	3	124 75 22 20
106	212	0.0	3	98 87 12 15
107	222	0.0	3	117 66 21 18
108	207	0.0	3	105 76 13 13
109	189	0.0	3	95 68 14 12
110	198	0.0	3	92 72 22 12
111	185	0.0	3	92 67 18 8
112	172	0.0	3	77 74 14 7
113	154	0.0	3	79 52 13 10
114	161	0.0	3	81 52 14 14
115	160	0.0	3	79 60 11 10
116	136	0.0	3	76 55 5
117	166	0.0	3	87 65 7 7
118	150	0.0	3	92 44 9 5
119	135	0.0	3	68 45 17 5
120	137	0.0	3	72 42 15 8
121	138	0.0	3	80 40 8 10
122	113	0.0	3	65 35 4 9
123	142	0.0	3	76 49 10 7
124	95	0.0	3	50 34 8 3
125	107	0.0	3	61 34 9 3
126	111	0.0	3	68 30 10 3
127	81	0.0	3	40 32 5 4
128	75	0.0	3	50 25
129	70	0.0	3	35 23 6 6
130	65	0.0	3	38 20 6 1
131	62	0.0	3	35 22 5
132	54	0.0	3	30 22 0 2
133	53	0.0	3	35 14 3 1
134	79	0.0	3	19 51 8 1
135	41	0.0	3	26 14 1
136	145	0.0	3	21 112 12
137	417	0.0	3	28 362 25 2
138	69	0.0	3	24 40 1 4
139	424	0.0	3	20 375 27 2
140	69	0.0	3	48 15 3 3
141	28	0.0	3	9 15 3 1
142	38	0.0	3	21 13 3 1
143	17	0.0	3	9 4 3 1
144	18	0.0	3	4 12 2
145	11	0.0	3	4 6 1
146	9	0.0	3	5 1 3
147	12	0.0	3	4 6 1 1
148	11	0.0	3	1 6 0 4
149	18	0.0	3	1 13 2 2
150	4155	0.0	3	183 3644 297 31


=== Second read: Adapter 2 ===

Sequence: AGATCGGAAGAGCGTCGTGTAGGGAAAGAGTGT; Type: regular 3'; Length: 33; Trimmed: 2066337 times

Minimum overlap: 3
No. of allowed errors:
1-9 bp: 0; 10-19 bp: 1; 20-29 bp: 2; 30-33 bp: 3

Bases preceding removed adapters:
  A: 20.2%
  C: 26.1%
  G: 41.3%
  T: 12.3%
  none/other: 0.0%

Overview of removed sequences
length	count	expect	max.err	error counts
3	968622	655225.3	0	968622
4	231496	163806.3	0	231496
5	78873	40951.6	0	78873
6	45005	10237.9	0	45005
7	38357	2559.5	0	38357
8	34556	639.9	0	34556
9	33840	160.0	0	32459 1381
10	33873	40.0	1	31614 2259
11	33054	10.0	1	31237 1817
12	30412	2.5	1	29026 1386
13	30306	0.6	1	28931 1375
14	29061	0.2	1	27930 1131
15	27546	0.0	1	26346 1200
16	25920	0.0	1	24800 1120
17	24308	0.0	1	23109 1199
18	22803	0.0	1	21113 1687 3
19	21583	0.0	1	20128 1444 11
20	20921	0.0	2	18665 1820 436
21	19656	0.0	2	17657 1595 404
22	19416	0.0	2	17425 1619 372
23	18673	0.0	2	16887 1405 381
24	17825	0.0	2	16109 1366 350
25	16494	0.0	2	14758 1349 387
26	15259	0.0	2	13182 1687 390
27	14700	0.0	2	12767 1560 369 4
28	13608	0.0	2	11743 1441 421 3
29	13112	0.0	2	11300 1456 344 12
30	11890	0.0	3	10129 1268 340 153
31	11206	0.0	3	9564 1187 316 139
32	10852	0.0	3	9337 1100 278 137
33	10351	0.0	3	8855 1079 282 135
34	9903	0.0	3	8501 1036 239 127
35	9009	0.0	3	7691 941 260 117
36	8594	0.0	3	7366 876 245 107
37	8116	0.0	3	6946 843 210 117
38	7531	0.0	3	6359 833 207 132
39	7235	0.0	3	6029 851 222 133
40	6381	0.0	3	5454 637 183 107
41	5901	0.0	3	4990 612 200 99
42	5356	0.0	3	4589 523 156 88
43	5078	0.0	3	4315 522 150 91
44	4914	0.0	3	4107 502 177 128
45	4468	0.0	3	3790 446 146 86
46	4180	0.0	3	3554 397 145 84
47	3711	0.0	3	3120 351 139 101
48	3506	0.0	3	2937 364 111 94
49	3297	0.0	3	2727 335 140 95
50	2672	0.0	3	2215 280 94 83
51	2697	0.0	3	2261 265 94 77
52	2323	0.0	3	1931 244 97 51
53	2075	0.0	3	1732 193 82 68
54	2088	0.0	3	1685 234 95 74
55	2010	0.0	3	1616 233 97 64
56	1631	0.0	3	1317 192 72 50
57	1513	0.0	3	1216 159 68 70
58	1503	0.0	3	1228 159 67 49
59	1385	0.0	3	1089 173 74 49
60	1252	0.0	3	976 141 70 65
61	1119	0.0	3	864 126 69 60
62	1012	0.0	3	792 118 50 52
63	900	0.0	3	689 94 59 58
64	845	0.0	3	619 105 70 51
65	764	0.0	3	568 95 61 40
66	869	0.0	3	587 127 83 72
67	756	0.0	3	559 80 69 48
68	733	0.0	3	528 95 61 49
69	692	0.0	3	496 86 61 49
70	682	0.0	3	487 86 60 49
71	627	0.0	3	401 88 86 52
72	569	0.0	3	390 92 52 35
73	555	0.0	3	377 81 51 46
74	536	0.0	3	332 89 68 47
75	482	0.0	3	330 73 41 38
76	512	0.0	3	302 95 59 56
77	439	0.0	3	267 73 58 41
78	495	0.0	3	324 75 48 48
79	439	0.0	3	266 77 53 43
80	401	0.0	3	260 69 47 25
81	374	0.0	3	220 56 50 48
82	468	0.0	3	273 76 65 54
83	357	0.0	3	230 50 37 40
84	377	0.0	3	236 60 42 39
85	289	0.0	3	173 54 36 26
86	284	0.0	3	185 41 30 28
87	409	0.0	3	243 70 54 42
88	305	0.0	3	188 50 35 32
89	325	0.0	3	198 60 32 35
90	404	0.0	3	225 83 51 45
91	301	0.0	3	180 52 27 42
92	295	0.0	3	196 39 37 23
93	305	0.0	3	180 52 41 32
94	274	0.0	3	170 53 35 16
95	297	0.0	3	166 49 54 28
96	241	0.0	3	134 46 34 27
97	284	0.0	3	167 52 32 33
98	271	0.0	3	174 39 34 24
99	226	0.0	3	124 46 32 24
100	240	0.0	3	145 45 23 27
101	232	0.0	3	142 34 37 19
102	211	0.0	3	141 33 22 15
103	231	0.0	3	151 33 24 23
104	195	0.0	3	123 30 23 19
105	208	0.0	3	128 35 33 12
106	177	0.0	3	106 36 17 18
107	193	0.0	3	123 26 27 17
108	186	0.0	3	118 29 18 21
109	172	0.0	3	108 27 24 13
110	162	0.0	3	90 32 18 22
111	159	0.0	3	104 23 16 16
112	133	0.0	3	87 23 12 11
113	134	0.0	3	81 23 17 13
114	137	0.0	3	91 15 17 14
115	130	0.0	3	95 10 14 11
116	110	0.0	3	71 18 14 7
117	136	0.0	3	90 19 15 12
118	140	0.0	3	99 21 10 10
119	107	0.0	3	65 19 14 9
120	115	0.0	3	70 22 9 14
121	124	0.0	3	82 19 14 9
122	100	0.0	3	70 14 12 4
123	101	0.0	3	76 10 8 7
124	70	0.0	3	49 10 7 4
125	80	0.0	3	59 10 7 4
126	93	0.0	3	70 9 5 9
127	61	0.0	3	46 6 6 3
128	65	0.0	3	48 8 6 3
129	48	0.0	3	42 4 1 1
130	48	0.0	3	38 8 1 1
131	41	0.0	3	37 2 0 2
132	41	0.0	3	34 5 1 1
133	37	0.0	3	30 6 0 1
134	28	0.0	3	25 0 0 3
135	31	0.0	3	24 6 1
136	25	0.0	3	21 3 0 1
137	32	0.0	3	26 5 0 1
138	27	0.0	3	23 3 1
139	23	0.0	3	22 0 0 1
140	51	0.0	3	46 4 1
141	10	0.0	3	9 1
142	25	0.0	3	22 1 1 1
143	12	0.0	3	12
144	6	0.0	3	2 2 2
145	5	0.0	3	2 2 1
146	5	0.0	3	5
147	5	0.0	3	4 0 1
148	1	0.0	3	0 0 1
149	3	0.0	3	2 0 0 1
150	211	0.0	3	191 12 4 4
	Command being timed: "pixi run cutadapt -a AGATCGGAAGAGCACACGTCTGAACTCCAGTCA -A AGATCGGAAGAGCGTCGTGTAGGGAAAGAGTGT -o /projects/bgmp/hodapp/bioinfo/Bi623/PR2/Project2_QAA/trimmed_outputs/SRR25630303_1_trimmed.fastq.gz -p /projects/bgmp/hodapp/bioinfo/Bi623/PR2/Project2_QAA/trimmed_outputs/SRR25630303_2_trimmed.fastq.gz /projects/bgmp/hodapp/bioinfo/Bi623/PR2/Project2_QAA/SRA_outputs/SRR25630303_1.fastq.gz /projects/bgmp/hodapp/bioinfo/Bi623/PR2/Project2_QAA/SRA_outputs/SRR25630303_2.fastq.gz"
	User time (seconds): 375.28
	System time (seconds): 1.68
	Percent of CPU this job got: 98%
	Elapsed (wall clock) time (h:mm:ss or m:ss): 6:21.96
	Average shared text size (kbytes): 0
	Average unshared data size (kbytes): 0
	Average stack size (kbytes): 0
	Average total size (kbytes): 0
	Maximum resident set size (kbytes): 42224
	Average resident set size (kbytes): 0
	Major (requiring I/O) page faults: 0
	Minor (reclaiming a frame) page faults: 12327
	Voluntary context switches: 2700
	Involuntary context switches: 1298
	Swaps: 0
	File system inputs: 0
	File system outputs: 8
	Socket messages sent: 0
	Socket messages received: 0
	Signals delivered: 0
	Page size (bytes): 4096
	Exit status: 0
 WARN cache for Repodata at /home/hodapp/.cache/rattler/cache/repodata is on a network/parallel filesystem (NFS/SMB/FUSE/BeeGFS/Lustre/GPFS/CephFS), redirected to /tmp/pixi-cache-hodapp/repodata for this run. Set [cache.repodata] in config.toml or PIXI_CACHE_DIR to override, or [cache.netfs-redirect] = "never" to keep the original path.
This is cutadapt 5.2 with Python 3.12.14
Command line parameters: -a AGATCGGAAGAGCACACGTCTGAACTCCAGTCA -A AGATCGGAAGAGCGTCGTGTAGGGAAAGAGTGT -o /projects/bgmp/hodapp/bioinfo/Bi623/PR2/Project2_QAA/trimmed_outputs/SRR25630398_1_trimmed.fastq.gz -p /projects/bgmp/hodapp/bioinfo/Bi623/PR2/Project2_QAA/trimmed_outputs/SRR25630398_2_trimmed.fastq.gz /projects/bgmp/hodapp/bioinfo/Bi623/PR2/Project2_QAA/SRA_outputs/SRR25630398_1.fastq.gz /projects/bgmp/hodapp/bioinfo/Bi623/PR2/Project2_QAA/SRA_outputs/SRR25630398_2.fastq.gz
Processing paired-end reads on 1 core ...

=== Summary ===

Total read pairs processed:         34,878,180
  Read 1 with adapter:               4,844,719 (13.9%)
  Read 2 with adapter:               4,978,371 (14.3%)
Pairs written (passing filters):    34,878,180 (100.0%)

Total basepairs processed: 10,463,454,000 bp
  Read 1: 5,231,727,000 bp
  Read 2: 5,231,727,000 bp
Total written (filtered):  10,264,089,024 bp (98.1%)
  Read 1: 5,128,839,415 bp
  Read 2: 5,135,249,609 bp

=== First read: Adapter 1 ===

Sequence: AGATCGGAAGAGCACACGTCTGAACTCCAGTCA; Type: regular 3'; Length: 33; Trimmed: 4844719 times

Minimum overlap: 3
No. of allowed errors:
1-9 bp: 0; 10-19 bp: 1; 20-29 bp: 2; 30-33 bp: 3

Bases preceding removed adapters:
  A: 12.0%
  C: 25.5%
  G: 47.9%
  T: 14.3%
  none/other: 0.3%

Overview of removed sequences
length	count	expect	max.err	error counts
3	638473	544971.6	0	638473
4	249102	136242.9	0	249102
5	158584	34060.7	0	158584
6	133243	8515.2	0	133243
7	128779	2128.8	0	128779
8	123820	532.2	0	123820
9	126283	133.0	0	125604 679
10	122917	33.3	1	118863 4054
11	122658	8.3	1	118422 4236
12	118090	2.1	1	113624 4466
13	118333	0.5	1	113494 4839
14	117236	0.1	1	112262 4974
15	115012	0.0	1	109969 5043
16	109771	0.0	1	104866 4905
17	106137	0.0	1	101136 5001
18	101464	0.0	1	96312 5064 88
19	101230	0.0	1	95091 5984 155
20	97600	0.0	2	90872 5787 941
21	94567	0.0	2	87756 5801 1010
22	93947	0.0	2	87122 5835 990
23	90687	0.0	2	83958 5660 1069
24	88230	0.0	2	81607 5608 1015
25	85727	0.0	2	79129 5563 1035
26	81405	0.0	2	74779 5614 1012
27	80745	0.0	2	74122 5547 1028 48
28	76412	0.0	2	69964 5430 968 50
29	74200	0.0	2	67473 5695 973 59
30	69793	0.0	3	63122 5264 1024 383
31	67595	0.0	3	60907 5258 1002 428
32	65190	0.0	3	58773 5047 930 440
33	63168	0.0	3	57021 4865 883 399
34	61297	0.0	3	55345 4693 895 364
35	57275	0.0	3	51746 4339 849 341
36	54769	0.0	3	49430 4241 755 343
37	53846	0.0	3	48490 4249 793 314
38	50831	0.0	3	45860 3961 726 284
39	48234	0.0	3	43560 3677 700 297
40	47006	0.0	3	42570 3507 657 272
41	43326	0.0	3	39190 3323 562 251
42	40197	0.0	3	36336 3042 565 254
43	38286	0.0	3	34697 2837 532 220
44	36273	0.0	3	32834 2707 503 229
45	33596	0.0	3	30511 2422 437 226
46	32337	0.0	3	29289 2418 447 183
47	30286	0.0	3	27444 2323 359 160
48	28221	0.0	3	25605 2071 357 188
49	27010	0.0	3	24416 1989 401 204
50	24557	0.0	3	22257 1844 309 147
51	23074	0.0	3	21055 1629 254 136
52	22195	0.0	3	20202 1595 285 113
53	20677	0.0	3	18772 1510 271 124
54	19124	0.0	3	17418 1330 263 113
55	18454	0.0	3	16786 1341 218 109
56	16527	0.0	3	15092 1120 226 89
57	15347	0.0	3	13951 1128 189 79
58	14424	0.0	3	13121 1049 177 77
59	13147	0.0	3	12009 906 155 77
60	12186	0.0	3	11088 866 163 69
61	10962	0.0	3	9968 786 147 61
62	9990	0.0	3	9081 709 133 67
63	9186	0.0	3	8309 673 134 70
64	8278	0.0	3	7547 579 103 49
65	7682	0.0	3	6909 605 105 63
66	6909	0.0	3	6254 506 94 55
67	6798	0.0	3	6191 469 84 54
68	5892	0.0	3	5338 409 97 48
69	5337	0.0	3	4824 418 63 32
70	4984	0.0	3	4519 373 68 24
71	4454	0.0	3	4029 339 53 33
72	4083	0.0	3	3694 288 62 39
73	3645	0.0	3	3293 261 54 37
74	3284	0.0	3	2956 229 64 35
75	2873	0.0	3	2575 228 46 24
76	2620	0.0	3	2367 184 44 25
77	2442	0.0	3	2189 181 35 37
78	2303	0.0	3	2060 171 44 28
79	2010	0.0	3	1763 166 44 37
80	1756	0.0	3	1559 126 38 33
81	1686	0.0	3	1499 120 42 25
82	1460	0.0	3	1291 113 33 23
83	1385	0.0	3	1217 110 28 30
84	1208	0.0	3	1035 121 30 22
85	1050	0.0	3	907 91 36 16
86	916	0.0	3	794 75 22 25
87	903	0.0	3	770 84 24 25
88	876	0.0	3	759 68 28 21
89	803	0.0	3	676 80 21 26
90	729	0.0	3	603 71 28 27
91	698	0.0	3	599 63 23 13
92	659	0.0	3	561 60 21 17
93	536	0.0	3	458 48 15 15
94	494	0.0	3	381 72 23 18
95	489	0.0	3	403 38 29 19
96	394	0.0	3	336 32 15 11
97	399	0.0	3	319 40 22 18
98	405	0.0	3	313 55 20 17
99	340	0.0	3	273 35 13 19
100	328	0.0	3	247 37 24 20
101	316	0.0	3	251 33 18 14
102	291	0.0	3	235 29 15 12
103	211	0.0	3	160 29 11 11
104	184	0.0	3	145 16 14 9
105	232	0.0	3	162 36 19 15
106	186	0.0	3	144 19 12 11
107	153	0.0	3	114 23 9 7
108	153	0.0	3	117 16 10 10
109	152	0.0	3	103 24 9 16
110	133	0.0	3	108 9 9 7
111	147	0.0	3	103 21 8 15
112	130	0.0	3	85 28 7 10
113	100	0.0	3	67 12 8 13
114	149	0.0	3	111 17 11 10
115	127	0.0	3	76 23 15 13
116	141	0.0	3	86 29 18 8
117	91	0.0	3	61 17 8 5
118	196	0.0	3	147 28 16 5
119	128	0.0	3	84 20 16 8
120	84	0.0	3	56 10 12 6
121	82	0.0	3	51 8 14 9
122	50	0.0	3	28 10 8 4
123	47	0.0	3	27 10 5 5
124	43	0.0	3	31 7 2 3
125	44	0.0	3	31 8 0 5
126	43	0.0	3	28 10 3 2
127	44	0.0	3	27 6 8 3
128	36	0.0	3	22 8 5 1
129	36	0.0	3	30 5 1
130	21	0.0	3	17 3 0 1
131	34	0.0	3	27 7
132	14	0.0	3	9 2 2 1
133	20	0.0	3	14 4 1 1
134	17	0.0	3	13 2 2
135	7	0.0	3	6 1
136	9	0.0	3	7 1 0 1
137	4	0.0	3	4
138	11	0.0	3	9 2
139	2	0.0	3	2
140	4	0.0	3	3 1
141	9	0.0	3	7 2
142	6	0.0	3	6
143	2	0.0	3	2
144	8	0.0	3	8
145	5	0.0	3	5
146	3	0.0	3	3
147	21	0.0	3	15 4 0 2
148	4	0.0	3	3 1
149	93	0.0	3	2 64 24 3
150	16550	0.0	3	58 15558 877 57


=== Second read: Adapter 2 ===

Sequence: AGATCGGAAGAGCGTCGTGTAGGGAAAGAGTGT; Type: regular 3'; Length: 33; Trimmed: 4978371 times

Minimum overlap: 3
No. of allowed errors:
1-9 bp: 0; 10-19 bp: 1; 20-29 bp: 2; 30-33 bp: 3

Bases preceding removed adapters:
  A: 10.8%
  C: 25.7%
  G: 52.5%
  T: 11.0%
  none/other: 0.0%

Overview of removed sequences
length	count	expect	max.err	error counts
3	852142	544971.6	0	852142
4	269116	136242.9	0	269116
5	165216	34060.7	0	165216
6	138150	8515.2	0	138150
7	132370	2128.8	0	132370
8	127306	532.2	0	127306
9	128115	133.0	0	127118 997
10	124424	33.3	1	121104 3320
11	125548	8.3	1	122344 3204
12	119371	2.1	1	116568 2803
13	120604	0.5	1	117678 2926
14	117767	0.1	1	114928 2839
15	115663	0.0	1	112635 3028
16	111094	0.0	1	108089 3005
17	106556	0.0	1	103472 3084
18	102156	0.0	1	98116 4037 3
19	101935	0.0	1	97975 3918 42
20	97905	0.0	2	90532 6498 875
21	94794	0.0	2	86897 6873 1024
22	94287	0.0	2	86213 7065 1009
23	91087	0.0	2	83183 6892 1012
24	88416	0.0	2	80639 6753 1024
25	85687	0.0	2	70003 13346 2338
26	80793	0.0	2	62256 14585 3952
27	79009	0.0	2	57663 15785 5559 2
28	74788	0.0	2	54572 14795 5408 13
29	71284	0.0	2	39385 19359 10286 2254
30	68384	0.0	3	37509 18012 9197 3666
31	64304	0.0	3	31513 15767 11147 5877
32	61930	0.0	3	30399 15117 10834 5580
33	55769	0.0	3	22071 12168 12121 9409
34	53827	0.0	3	21300 11929 11341 9257
35	50557	0.0	3	19895 11262 11029 8371
36	48294	0.0	3	18863 10980 10401 8050
37	47647	0.0	3	18441 10877 10351 7978
38	45464	0.0	3	17713 10265 10098 7388
39	42959	0.0	3	16466 9904 9617 6972
40	41994	0.0	3	16410 9487 9176 6921
41	38736	0.0	3	15445 8522 8403 6366
42	36171	0.0	3	14006 8350 8004 5811
43	34661	0.0	3	13767 7861 7598 5435
44	32749	0.0	3	12829 7692 7069 5159
45	30371	0.0	3	12060 7011 6608 4692
46	29793	0.0	3	11885 7504 6456 3948
47	27582	0.0	3	11018 6534 5890 4140
48	25853	0.0	3	10524 6345 5400 3584
49	24704	0.0	3	9869 5945 5324 3566
50	22489	0.0	3	9208 5390 4812 3079
51	20937	0.0	3	8688 4833 4446 2970
52	20400	0.0	3	8348 4795 4377 2880
53	18988	0.0	3	7856 4697 3950 2485
54	17732	0.0	3	7288 4355 3711 2378
55	17071	0.0	3	7227 3965 3580 2299
56	15299	0.0	3	6349 3674 3241 2035
57	14173	0.0	3	6015 3564 2855 1739
58	13397	0.0	3	5528 3398 2819 1652
59	12175	0.0	3	5400 2903 2366 1506
60	11340	0.0	3	4882 2691 2295 1472
61	10179	0.0	3	4339 2442 2160 1238
62	9238	0.0	3	4026 2227 1874 1111
63	8547	0.0	3	3607 2050 1807 1083
64	7763	0.0	3	3302 1905 1582 974
65	7156	0.0	3	3187 1661 1456 852
66	6468	0.0	3	2766 1582 1329 791
67	6352	0.0	3	2744 1614 1287 707
68	5565	0.0	3	2432 1322 1127 684
69	5031	0.0	3	2171 1215 1013 632
70	4732	0.0	3	2021 1219 957 535
71	4163	0.0	3	1825 1052 842 444
72	3838	0.0	3	1736 930 755 417
73	3448	0.0	3	1509 905 659 375
74	3046	0.0	3	1376 805 534 331
75	2729	0.0	3	1209 737 502 281
76	2478	0.0	3	1086 630 500 262
77	2290	0.0	3	994 576 473 247
78	2150	0.0	3	983 543 393 231
79	1906	0.0	3	831 525 354 196
80	1666	0.0	3	730 426 320 190
81	1579	0.0	3	701 410 305 163
82	1392	0.0	3	615 354 273 150
83	1309	0.0	3	572 343 244 150
84	1125	0.0	3	460 320 222 123
85	976	0.0	3	459 221 182 114
86	855	0.0	3	386 201 173 95
87	847	0.0	3	354 222 175 96
88	819	0.0	3	306 247 167 99
89	773	0.0	3	339 213 138 83
90	668	0.0	3	291 176 131 70
91	660	0.0	3	299 174 117 70
92	619	0.0	3	227 191 129 72
93	504	0.0	3	235 129 92 48
94	441	0.0	3	204 122 61 54
95	438	0.0	3	163 134 88 53
96	367	0.0	3	179 89 57 42
97	352	0.0	3	153 92 69 38
98	368	0.0	3	153 89 73 53
99	307	0.0	3	135 78 58 36
100	292	0.0	3	105 80 63 44
101	295	0.0	3	131 71 60 33
102	258	0.0	3	105 67 57 29
103	194	0.0	3	80 59 37 18
104	170	0.0	3	62 45 36 27
105	206	0.0	3	79 58 38 31
106	163	0.0	3	72 47 23 21
107	156	0.0	3	48 42 39 27
108	140	0.0	3	58 39 24 19
109	132	0.0	3	48 33 21 30
110	119	0.0	3	38 37 27 17
111	121	0.0	3	43 35 25 18
112	116	0.0	3	40 38 21 17
113	88	0.0	3	28 25 25 10
114	135	0.0	3	44 56 25 10
115	104	0.0	3	38 32 17 17
116	115	0.0	3	45 37 24 9
117	77	0.0	3	26 26 14 11
118	177	0.0	3	60 62 38 17
119	104	0.0	3	42 27 25 10
120	61	0.0	3	19 22 11 9
121	67	0.0	3	22 18 17 10
122	43	0.0	3	11 12 11 9
123	41	0.0	3	7 17 10 7
124	34	0.0	3	15 8 6 5
125	36	0.0	3	7 13 9 7
126	32	0.0	3	12 11 5 4
127	37	0.0	3	13 9 8 7
128	30	0.0	3	7 13 7 3
129	35	0.0	3	10 14 7 4
130	21	0.0	3	8 7 5 1
131	32	0.0	3	14 6 8 4
132	11	0.0	3	4 3 3 1
133	13	0.0	3	3 6 2 2
134	17	0.0	3	9 4 4
135	8	0.0	3	4 1 3
136	8	0.0	3	2 4 2
137	4	0.0	3	0 2 1 1
138	10	0.0	3	4 5 0 1
139	2	0.0	3	2
140	4	0.0	3	2 1 0 1
141	10	0.0	3	4 4 1 1
142	6	0.0	3	3 2 1
143	2	0.0	3	0 2
144	8	0.0	3	5 2 1
145	5	0.0	3	3 1 1
146	3	0.0	3	1 2
147	16	0.0	3	9 5 1 1
148	4	0.0	3	2 1 1
149	6	0.0	3	1 2 0 3
150	126	0.0	3	42 48 21 15
	Command being timed: "pixi run cutadapt -a AGATCGGAAGAGCACACGTCTGAACTCCAGTCA -A AGATCGGAAGAGCGTCGTGTAGGGAAAGAGTGT -o /projects/bgmp/hodapp/bioinfo/Bi623/PR2/Project2_QAA/trimmed_outputs/SRR25630398_1_trimmed.fastq.gz -p /projects/bgmp/hodapp/bioinfo/Bi623/PR2/Project2_QAA/trimmed_outputs/SRR25630398_2_trimmed.fastq.gz /projects/bgmp/hodapp/bioinfo/Bi623/PR2/Project2_QAA/SRA_outputs/SRR25630398_1.fastq.gz /projects/bgmp/hodapp/bioinfo/Bi623/PR2/Project2_QAA/SRA_outputs/SRR25630398_2.fastq.gz"
	User time (seconds): 346.92
	System time (seconds): 1.24
	Percent of CPU this job got: 99%
	Elapsed (wall clock) time (h:mm:ss or m:ss): 5:50.02
	Average shared text size (kbytes): 0
	Average unshared data size (kbytes): 0
	Average stack size (kbytes): 0
	Average total size (kbytes): 0
	Maximum resident set size (kbytes): 38292
	Average resident set size (kbytes): 0
	Major (requiring I/O) page faults: 0
	Minor (reclaiming a frame) page faults: 12863
	Voluntary context switches: 1566
	Involuntary context switches: 1182
	Swaps: 0
	File system inputs: 0
	File system outputs: 8
	Socket messages sent: 0
	Socket messages received: 0
	Signals delivered: 0
	Page size (bytes): 4096
	Exit status: 0
