 WARN cache for Repodata at /home/hodapp/.cache/rattler/cache/repodata is on a network/parallel filesystem (NFS/SMB/FUSE/BeeGFS/Lustre/GPFS/CephFS), redirected to /tmp/pixi-cache-hodapp/repodata for this run. Set [cache.repodata] in config.toml or PIXI_CACHE_DIR to override, or [cache.netfs-redirect] = "never" to keep the original path.
TrimmomaticPE: Started with arguments:
 cutadapt_outputs/SRR25630398_1_trimmed.fastq.gz cutadapt_outputs/SRR25630398_2_trimmed.fastq.gz trimmomatic_outputs/SRR25630398_1_paired.fastq.gz trimmomatic_outputs/SRR25630398_1_unpaired.fastq.gz trimmomatic_outputs/SRR25630398_2_paired.fastq.gz trimmomatic_outputs/SRR25630398_2_unpaired.fastq.gz LEADING:3 TRAILING:3 SLIDINGWINDOW:5:15 MINLEN:35
Quality encoding detected as phred33
Input Read Pairs: 34878180 Both Surviving: 34559418 (99.09%) Forward Only Surviving: 221483 (0.64%) Reverse Only Surviving: 74823 (0.21%) Dropped: 22456 (0.06%)
TrimmomaticPE: Completed successfully
	Command being timed: "pixi run trimmomatic PE cutadapt_outputs/SRR25630398_1_trimmed.fastq.gz cutadapt_outputs/SRR25630398_2_trimmed.fastq.gz trimmomatic_outputs/SRR25630398_1_paired.fastq.gz trimmomatic_outputs/SRR25630398_1_unpaired.fastq.gz trimmomatic_outputs/SRR25630398_2_paired.fastq.gz trimmomatic_outputs/SRR25630398_2_unpaired.fastq.gz LEADING:3 TRAILING:3 SLIDINGWINDOW:5:15 MINLEN:35"
	User time (seconds): 2239.83
	System time (seconds): 86.42
	Percent of CPU this job got: 98%
	Elapsed (wall clock) time (h:mm:ss or m:ss): 39:11.06
	Average shared text size (kbytes): 0
	Average unshared data size (kbytes): 0
	Average stack size (kbytes): 0
	Average total size (kbytes): 0
	Maximum resident set size (kbytes): 1013920
	Average resident set size (kbytes): 0
	Major (requiring I/O) page faults: 0
	Minor (reclaiming a frame) page faults: 9799826
	Voluntary context switches: 18731
	Involuntary context switches: 19747
	Swaps: 0
	File system inputs: 0
	File system outputs: 8880
	Socket messages sent: 0
	Socket messages received: 0
	Signals delivered: 0
	Page size (bytes): 4096
	Exit status: 0
